Device: cuda
GPU   : NVIDIA GeForce RTX 3090

============================================================
ResNet18  (params: 11,172,810)
============================================================
Epoch 1/5 | Loss = 0.1003 |    11.2s
Epoch 2/5 | Loss = 0.0371 |    21.8s
Epoch 3/5 | Loss = 0.0283 |    32.5s
Epoch 4/5 | Loss = 0.0218 |    43.2s
Epoch 5/5 | Loss = 0.0196 |    53.9s
Test Accuracy: 99.22%
Train time   : 53.9s
Saved        : weights/ResNet18.pth

============================================================
DenseNet121  (params: 6,955,274)
============================================================
Epoch 1/5 | Loss = 0.0975 |    38.1s
Epoch 2/5 | Loss = 0.0353 |    75.8s
Epoch 3/5 | Loss = 0.0270 |   113.7s
Epoch 4/5 | Loss = 0.0220 |   151.9s
Epoch 5/5 | Loss = 0.0194 |   190.5s
Test Accuracy: 99.37%
Train time   : 190.5s
Saved        : weights/DenseNet121.pth

============================================================
EfficientNetB0  (params: 4,019,782)
============================================================
